OpenMP: enabled, max_threads=16

=== Single-statevector per-op throughput (CPU) ===
k    op              dim          ns/op        Gamp/s    
10   H               1024         862.7        1.187     
10   T               1024         747.9        0.685     
10   CZ              1024         479.8        0.534     
10   CNOT            1024         580.5        0.882     
10   U2              1024         1539.1       0.665     
10   U4              1024         2705.4       0.379     
10   EXPAND          1024         864.8        2.368     
10   EXPAND_T        1024         591.0        3.465     
10   MEAS_DIAG       1024         815.3        2.512     
10   MEAS_INTERFERE  1024         960.0        2.133     
11   H               2048         1553.5       1.318     
11   T               2048         1261.3       0.812     
11   CZ              2048         723.7        0.707     
11   CNOT            2048         936.4        1.094     
11   U2              2048         2845.4       0.720     
11   U4              2048         5099.4       0.402     
11   EXPAND          2048         1497.9       2.734     
11   EXPAND_T        2048         2577.5       1.589     
11   MEAS_DIAG       2048         1201.8       3.408     
11   MEAS_INTERFERE  2048         1529.9       2.677     
12   H               4096         2702.6       1.516     
12   T               4096         2307.9       0.887     
12   CZ              4096         1444.7       0.709     
12   CNOT            4096         1663.2       1.231     
12   U2              4096         5370.8       0.763     
12   U4              4096         10087.1      0.406     
12   EXPAND          4096         2836.0       2.889     
12   EXPAND_T        4096         4949.2       1.655     
12   MEAS_DIAG       4096         2717.6       3.014     
12   MEAS_INTERFERE  4096         3005.1       2.726     
13   H               8192         5159.2       1.588     
13   T               8192         4369.6       0.937     
13   CZ              8192         2714.2       0.755     
13   CNOT            8192         3041.8       1.347     
13   U2              8192         10619.2      0.771     
13   U4              8192         19958.7      0.410     
13   EXPAND          8192         5297.2       3.093     
13   EXPAND_T        8192         9477.6       1.729     
13   MEAS_DIAG       8192         4898.6       3.345     
13   MEAS_INTERFERE  8192         5675.7       2.887     
14   H               16384        10499.8      1.560     
14   T               16384        8468.2       0.967     
14   CZ              16384        5192.1       0.789     
14   CNOT            16384        5889.1       1.391     
14   U2              16384        21058.1      0.778     
14   U4              16384        39487.3      0.415     
14   EXPAND          16384        10301.9      3.181     
14   EXPAND_T        16384        18471.1      1.774     
14   MEAS_DIAG       16384        8778.7       3.733     
14   MEAS_INTERFERE  16384        10632.0      3.082     
15   H               32768        20540.5      1.595     
15   T               32768        16426.7      0.997     
15   CZ              32768        10092.2      0.812     
15   CNOT            32768        11484.3      1.427     
15   U2              32768        40368.3      0.812     
15   U4              32768        78001.1      0.420     
15   EXPAND          32768        20136.9      3.255     
15   EXPAND_T        32768        36954.5      1.773     
15   MEAS_DIAG       32768        17252.3      3.799     
15   MEAS_INTERFERE  32768        20705.9      3.165     
16   H               65536        38655.8      1.695     
16   T               65536        32947.9      0.995     
16   CZ              65536        20263.5      0.809     
16   CNOT            65536        22681.2      1.445     
16   U2              65536        83257.4      0.787     
16   U4              65536        158013.7     0.415     
16   EXPAND          65536        42490.6      3.085     
16   EXPAND_T        65536        83261.0      1.574     
16   MEAS_DIAG       65536        34333.3      3.818     
16   MEAS_INTERFERE  65536        41284.4      3.175     
17   H               131072       86473.2      1.516     
17   T               131072       68137.1      0.962     
17   CZ              131072       46530.0      0.704     
17   CNOT            131072       53714.1      1.220     
17   U2              131072       167348.5     0.783     
17   U4              131072       319850.1     0.410     
17   EXPAND          131072       144486.6     1.814     
17   EXPAND_T        131072       229192.5     1.144     
17   MEAS_DIAG       131072       80670.3      3.250     
17   MEAS_INTERFERE  131072       89055.6      2.944     
18   H               262144       27305.9      9.600     
18   T               262144       56687.4      2.312     
18   CZ              262144       148796.0     0.440     
18   CNOT            262144       3824097.6    0.034     
18   U2              262144       6754280.4    0.039     
18   U4              262144       7907643.9    0.033     
18   EXPAND          262144       7375030.5    0.071     
18   EXPAND_T        262144       6874617.0    0.076     
18   MEAS_DIAG       262144       14251320.8   0.037     
18   MEAS_INTERFERE  262144       14750203.3   0.036     
19   H               524288       6375368.4    0.082     
19   T               524288       7875220.6    0.033     
19   CZ              524288       7829312.7    0.017     
19   CNOT            524288       28386.7      9.235     
19   U2              524288       92017.2      5.698     
19   U4              524288       217396.7     2.412     
19   EXPAND          524288       463021.9     2.265     
19   EXPAND_T        524288       1208032.2    0.868     
19   MEAS_DIAG       524288       1434058.2    0.731     
19   MEAS_INTERFERE  524288       131664.7     7.964     
20   H               1048576      735205.3     1.426     
20   T               1048576      485138.9     1.081     
20   CZ              1048576      259126.5     1.012     
20   CNOT            1048576      1809718.3    0.290     
20   U2              1048576      2194073.5    0.478     
20   U4              1048576      3789958.1    0.277     
20   EXPAND          1048576      5597485.7    0.375     
20   EXPAND_T        1048576      7250244.1    0.289     
20   MEAS_DIAG       1048576      14749701.0   0.142     
20   MEAS_INTERFERE  1048576      14249744.9   0.147     
21   H               2097152      8246928.0    0.254     
21   T               2097152      6999633.8    0.150     
21   CZ              2097152      7250790.4    0.072     
21   CNOT            2097152      6877031.9    0.152     
21   U2              2097152      7374870.9    0.284     
21   U4              2097152      7510685.1    0.279     
21   EXPAND          2097152      7431584.5    0.564     
21   EXPAND_T        2097152      6756000.8    0.621     
21   MEAS_DIAG       2097152      13750534.8   0.305     
21   MEAS_INTERFERE  2097152      13315009.8   0.315     
22   H               4194304      7515499.9    0.558     
22   T               4194304      7489035.1    0.280     
22   CZ              4194304      6561567.7    0.160     
22   CNOT            4194304      6784713.6    0.309     
22   U2              4194304      7043903.6    0.595     
22   U4              4194304      7421020.2    0.565     
22   EXPAND          4194304      6874001.4    1.220     
22   EXPAND_T        4194304      7495274.8    1.119     
22   MEAS_DIAG       4194304      12975436.5   0.646     
22   MEAS_INTERFERE  4194304      13126857.8   0.639     
23   H               8388608      7875992.6    1.065     
23   T               8388608      7189728.1    0.583     
23   CZ              8388608      7632985.6    0.275     
23   CNOT            8388608      7003079.6    0.599     
23   U2              8388608      8133036.3    1.031     
23   U4              8388608      8386899.4    1.000     
23   EXPAND          8388608      7246936.8    2.315     
23   EXPAND_T        8388608      6494236.8    2.583     
23   MEAS_DIAG       8388608      8228278.1    2.039     
23   MEAS_INTERFERE  8388608      7174110.1    2.339     
24   H               16777216     3028125.4    5.540     
24   T               16777216     1315293.0    6.378     
24   CZ              16777216     2920318.8    1.436     
24   CNOT            16777216     2823013.7    2.972     
24   U2              16777216     2984047.2    5.622     
24   U4              16777216     5185556.1    3.235     
24   EXPAND          16777216     6129242.6    5.474     
24   EXPAND_T        16777216     6460834.4    5.194     
24   MEAS_DIAG       16777216     4228657.0    7.935     
24   MEAS_INTERFERE  16777216     4132684.5    8.119     
25   H               33554432     6569388.1    5.108     
25   T               33554432     6553688.0    2.560     
25   CZ              33554432     13043000.0   0.643     
25   CNOT            33554432     12660298.4   1.325     
25   U2              33554432     13720220.0   2.446     
25   U4              33554432     17114193.0   1.961     
25   EXPAND          33554432     15415946.8   4.353     
25   EXPAND_T        33554432     22839809.0   2.938     
25   MEAS_DIAG       33554432     15245207.0   4.402     
25   MEAS_INTERFERE  33554432     19502357.0   3.441     
26   H               67108864     13674824.8   4.907     
26   T               67108864     6986689.9    4.803     
26   CZ              67108864     15617285.0   1.074     
26   CNOT            67108864     14251858.2   2.354     
26   U2              67108864     13940873.3   4.814     
26   U4              67108864     20856210.0   3.218     
26   EXPAND          67108864     23569779.8   5.694     
26   EXPAND_T        67108864     31864696.0   4.212     
26   MEAS_DIAG       67108864     20829873.8   6.444     
26   MEAS_INTERFERE  67108864     19997709.5   6.712     
27   H               134217728    28471425.5   4.714     
27   T               134217728    19111861.5   3.511     
27   CZ              134217728    28647798.0   1.171     
27   CNOT            134217728    37146866.5   1.807     
27   U2              134217728    28072740.5   4.781     
27   U4              134217728    42990098.0   3.122     
27   EXPAND          134217728    47181223.5   5.689     
27   EXPAND_T        134217728    59791321.0   4.490     
27   MEAS_DIAG       134217728    48145485.5   5.576     
27   MEAS_INTERFERE  134217728    41003627.5   6.547     
28   H               268435456    57761035.0   4.647     
28   T               268435456    30306148.0   4.429     
28   CZ              268435456    57456610.0   1.168     
28   CNOT            268435456    58541249.0   2.293     
28   U2              268435456    59193013.0   4.535     
28   U4              268435456    83770444.0   3.204     
28   EXPAND          268435456    94658123.0   5.672     
28   EXPAND_T        268435456    114826531.0  4.675     
28   MEAS_DIAG       268435456    84808417.0   6.330     
28   MEAS_INTERFERE  268435456    83004242.0   6.468     
29   H               536870912    115539926.0  4.647     
29   T               536870912    63500122.0   4.227     
29   CZ              536870912    115961731.0  1.157     
29   CNOT            536870912    137790643.0  1.948     
29   U2              536870912    116179805.0  4.621     
29   U4              536870912    169787264.0  3.162     
29   EXPAND          536870912    191828894.0  5.597     
29   EXPAND_T        536870912    239802425.0  4.478     
29   MEAS_DIAG       536870912    171950132.0  6.244     
29   MEAS_INTERFERE  536870912    168172479.0  6.385     
30   H               1073741824   244374939.0  4.394     
30   T               1073741824   126173653.0  4.255     
30   CZ              1073741824   235121812.0  1.142     
30   CNOT            1073741824   260934830.0  2.057     
30   U2              1073741824   253519839.0  4.235     
30   U4              1073741824   350699742.0  3.062     
30   EXPAND          1073741824   386006874.0  5.563     
30   EXPAND_T        1073741824   467807482.0  4.591     
30   MEAS_DIAG       1073741824   343828347.0  6.246     
30   MEAS_INTERFERE  1073741824   341096067.0  6.296     

=== Batched-across-shots throughput (CPU, batched) ===
k    B        shots          shots/s        Mshot-lyr/s 
12   256      256            20231.1        0.081       
12   1024     1024           19534.0        0.078       
12   4096     4096           20329.2        0.081       
12   16384    16384          20050.9        0.080       
16   256      256            1093.2         0.004       
16   1024     1024           1118.2         0.004       
18   256      256            228.6          0.001       

=== Batched-across-shots throughput (CPU, batchedmeas) ===
k    B        shots          shots/s        Mshot-lyr/s 
12   256      256            19120.6        0.076       
12   1024     1024           19202.4        0.077       
12   4096     4096           19424.7        0.078       
12   16384    16384          19018.7        0.076       
16   256      256            1052.3         0.004       
16   1024     1024           1067.9         0.004       
18   256      256            217.8          0.001       

=== Batched-across-shots throughput (CPU, batchedreal) ===
k    B        shots          shots/s        Mshot-lyr/s 
12   256      256            85557.0        0.342       
12   1024     1024           87377.0        0.350       
12   4096     4096           86677.7        0.347       
12   16384    16384          86665.5        0.347       
16   256      256            6373.1         0.025       
16   1024     1024           6361.6         0.025       
18   256      256            1185.2         0.005       
GPU: NVIDIA H200  sm_90  150.1 GB HBM
[validate] k=12  gates+U2/U4+expand+meas: max|cpu-gpu| = 5.204e-17, reduce-sum err = 4.219e-15  OK
[validate] k=18  gates+U2/U4+expand+meas: max|cpu-gpu| = 9.975e-18, reduce-sum err = 3.408e-14  OK
[validate-batched] k=12 B=8  kb_* + completed meas round: max|cpu-gpu| = 4.857e-17, per-shot prob err = 1.943e-15  OK
[validate-batched] k=16 B=8  kb_* + completed meas round: max|cpu-gpu| = 1.908e-17, per-shot prob err = 3.830e-15  OK
[validate-devmeas] k=12 B=8  on-device sampling: rng mismatches = 0, max|cpu-gpu| = 3.816e-17, prob err = 1.832e-15  OK
[validate-devmeas] k=16 B=8  on-device sampling: rng mismatches = 0, max|cpu-gpu| = 1.431e-17, prob err = 1.005e-14  OK
[validate-mimd] k=12 B=8 layers=3 global: max|cpu-gpu| = 6.245e-17  OK
[validate-mimd] k=12 B=8 layers=3 shared: max|cpu-gpu| = 6.245e-17  OK
[validate-mimd] k=16 B=8 layers=3 global: max|cpu-gpu| = 2.602e-17  OK
[validate-mimd] k=16 shared variant skipped (needs 1052672 B > opt-in 232448 B)
[validate-real] k=12 B=8  SoA real mix: rng mismatches = 0, frame mismatches = 0, max|cpu-gpu| = 2.082e-17, prob err = 3.553e-15  OK
[validate-real] k=12 B=8  MIMD real mix (global): frame mismatches = 0, max|cpu-gpu| = 1.735e-17  OK
[validate-real] k=12 B=8  MIMD real mix (shared): frame mismatches = 0, max|cpu-gpu| = 1.735e-17  OK
[validate-real] k=16 B=8  SoA real mix: rng mismatches = 0, frame mismatches = 0, max|cpu-gpu| = 5.204e-18, prob err = 1.643e-14  OK
[validate-real] k=16 B=8  MIMD real mix (global): frame mismatches = 0, max|cpu-gpu| = 6.505e-18  OK
[validate-real] k=16 MIMD shared variant skipped (needs 1052672 B > opt-in 232448 B)
[transfer] k=10  0.0 MB  H2D 1.5 GB/s  D2H 1.6 GB/s
[transfer] k=14  0.3 MB  H2D 10.1 GB/s  D2H 7.9 GB/s
[transfer] k=18  4.2 MB  H2D 14.6 GB/s  D2H 13.9 GB/s
[transfer] k=22  67.1 MB  H2D 15.4 GB/s  D2H 15.7 GB/s
[transfer] k=26  1073.7 MB  H2D 9.5 GB/s  D2H 16.3 GB/s
[transfer] k=30  17179.9 MB  H2D 9.5 GB/s  D2H 16.4 GB/s

=== Single-statevector per-op throughput (GPU, FP64) ===
k    op              dim          ns/op        Gamp/s    
10   H               1024         2498.5       0.410     
10   T               1024         2474.5       0.207     
10   CZ              1024         2518.7       0.102     
10   CNOT            1024         2514.6       0.204     
10   U2              1024         2439.5       0.420     
10   U4              1024         3507.8       0.292     
10   EXPAND          1024         2473.1       0.828     
10   EXPAND_T        1024         2575.1       0.795     
10   MEAS_DIAG       1024         5123.8       0.400     
10   MEAS_INTERFERE  1024         5040.3       0.406     
11   H               2048         2489.4       0.823     
11   T               2048         2472.6       0.414     
11   CZ              2048         2475.1       0.207     
11   CNOT            2048         2492.2       0.411     
11   U2              2048         2495.5       0.821     
11   U4              2048         3574.5       0.573     
11   EXPAND          2048         2519.9       1.625     
11   EXPAND_T        2048         2491.6       1.644     
11   MEAS_DIAG       2048         5051.0       0.811     
11   MEAS_INTERFERE  2048         5055.4       0.810     
12   H               4096         2489.2       1.645     
12   T               4096         2488.2       0.823     
12   CZ              4096         2492.5       0.411     
12   CNOT            4096         2518.6       0.813     
12   U2              4096         2498.8       1.639     
12   U4              4096         3560.8       1.150     
12   EXPAND          4096         2531.3       3.236     
12   EXPAND_T        4096         2504.2       3.271     
12   MEAS_DIAG       4096         5068.5       1.616     
12   MEAS_INTERFERE  4096         5039.4       1.626     
13   H               8192         2490.0       3.290     
13   T               8192         2489.2       1.645     
13   CZ              8192         2508.4       0.816     
13   CNOT            8192         2563.5       1.598     
13   U2              8192         2517.1       3.254     
13   U4              8192         3630.8       2.256     
13   EXPAND          8192         2525.9       6.487     
13   EXPAND_T        8192         2519.8       6.502     
13   MEAS_DIAG       8192         5085.4       3.222     
13   MEAS_INTERFERE  8192         5094.7       3.216     
14   H               16384        2498.1       6.559     
14   T               16384        2481.3       3.302     
14   CZ              16384        2495.5       1.641     
14   CNOT            16384        2551.8       3.210     
14   U2              16384        2506.9       6.536     
14   U4              16384        3699.5       4.429     
14   EXPAND          16384        2492.6       13.146    
14   EXPAND_T        16384        2526.4       12.970    
14   MEAS_DIAG       16384        5029.2       6.516     
14   MEAS_INTERFERE  16384        5062.8       6.472     
15   H               32768        2505.6       13.078    
15   T               32768        2504.2       6.543     
15   CZ              32768        2502.4       3.274     
15   CNOT            32768        2671.6       6.133     
15   U2              32768        2484.3       13.190    
15   U4              32768        3842.3       8.528     
15   EXPAND          32768        2524.0       25.965    
15   EXPAND_T        32768        2499.4       26.221    
15   MEAS_DIAG       32768        5039.1       13.006    
15   MEAS_INTERFERE  32768        5019.9       13.055    
16   H               65536        2478.0       26.447    
16   T               65536        2491.8       13.150    
16   CZ              65536        2503.6       6.544     
16   CNOT            65536        2696.8       12.151    
16   U2              65536        2509.1       26.119    
16   U4              65536        3953.3       16.577    
16   EXPAND          65536        2507.3       52.276    
16   EXPAND_T        65536        2509.8       52.225    
16   MEAS_DIAG       65536        5040.3       26.005    
16   MEAS_INTERFERE  65536        5061.1       25.898    
17   H               131072       2507.9       52.264    
17   T               131072       2509.1       26.119    
17   CZ              131072       2513.7       13.036    
17   CNOT            131072       3196.8       20.501    
17   U2              131072       2502.9       52.368    
17   U4              131072       4961.1       26.420    
17   EXPAND          131072       2515.1       104.228   
17   EXPAND_T        131072       2510.5       104.420   
17   MEAS_DIAG       131072       5179.3       50.614    
17   MEAS_INTERFERE  131072       5241.2       50.016    
18   H               262144       2794.1       93.821    
18   T               262144       2547.8       51.446    
18   CZ              262144       2725.1       24.049    
18   CNOT            262144       4722.1       27.757    
18   U2              262144       2867.0       91.434    
18   U4              262144       8075.0       32.463    
18   EXPAND          262144       3129.1       167.554   
18   EXPAND_T        262144       2778.0       188.726   
18   MEAS_DIAG       262144       5832.0       89.899    
18   MEAS_INTERFERE  262144       5989.6       87.533    
19   H               524288       4181.0       125.399   
19   T               524288       2939.1       89.193    
19   CZ              524288       3600.7       36.402    
19   CNOT            524288       8413.9       31.156    
19   U2              524288       4126.9       127.042   
19   U4              524288       14399.3      36.411    
19   EXPAND          524288       4641.7       225.904   
19   EXPAND_T        524288       4082.1       256.872   
19   MEAS_DIAG       524288       7300.6       143.628   
19   MEAS_INTERFERE  524288       7347.2       142.717   
20   H               1048576      7634.4       137.349   
20   T               1048576      4580.1       114.471   
20   CZ              1048576      7960.5       32.931    
20   CNOT            1048576      14525.6      36.094    
20   U2              1048576      7448.6       140.774   
20   U4              1048576      26957.1      38.898    
20   EXPAND          1048576      7560.3       277.390   
20   EXPAND_T        1048576      6538.4       320.744   
20   MEAS_DIAG       1048576      10790.3      194.355   
20   MEAS_INTERFERE  1048576      10582.5      198.172   
21   H               2097152      13575.9      154.476   
21   T               2097152      7309.1       143.462   
21   CZ              2097152      13870.7      37.798    
21   CNOT            2097152      26761.6      39.182    
21   U2              2097152      13369.3      156.863   
21   U4              2097152      49875.4      42.048    
21   EXPAND          2097152      18484.1      226.914   
21   EXPAND_T        2097152      18454.7      227.276   
21   MEAS_DIAG       2097152      17873.1      234.671   
21   MEAS_INTERFERE  2097152      17890.2      234.447   
22   H               4194304      35227.3      119.064   
22   T               4194304      14315.6      146.494   
22   CZ              4194304      33595.1      31.212    
22   CNOT            4194304      54635.0      38.385    
22   U2              4194304      35260.5      118.952   
22   U4              4194304      98068.5      42.769    
22   EXPAND          4194304      34374.2      244.038   
22   EXPAND_T        4194304      34335.8      244.311   
22   MEAS_DIAG       4194304      39741.0      211.082   
22   MEAS_INTERFERE  4194304      45542.3      184.194   
23   H               8388608      66785.2      125.606   
23   T               8388608      36594.4      114.616   
23   CZ              8388608      62992.7      33.292    
23   CNOT            8388608      102721.9     40.832    
23   U2              8388608      66783.9      125.608   
23   U4              8388608      189387.4     44.293    
23   EXPAND          8388608      65547.1      255.957   
23   EXPAND_T        8388608      65528.5      256.029   
23   MEAS_DIAG       8388608      72599.7      231.092   
23   MEAS_INTERFERE  8388608      85830.4      195.469   
24   H               16777216     129747.5     129.307   
24   T               16777216     66998.9      125.205   
24   CZ              16777216     122792.9     34.158    
24   CNOT            16777216     199240.9     42.103    
24   U2              16777216     129633.1     129.421   
24   U4              16777216     373676.5     44.898    
24   EXPAND          16777216     128028.8     262.085   
24   EXPAND_T        16777216     127964.1     262.217   
24   MEAS_DIAG       16777216     133722.0     250.927   
24   MEAS_INTERFERE  16777216     161469.1     207.807   
25   H               33554432     255866.3     131.141   
25   T               33554432     129407.4     129.647   
25   CZ              33554432     245518.7     34.167    
25   CNOT            33554432     391529.7     42.850    
25   U2              33554432     255938.7     131.103   
25   U4              33554432     743793.5     45.113    
25   EXPAND          33554432     252098.5     266.201   
25   EXPAND_T        33554432     252016.2     266.288   
25   MEAS_DIAG       33554432     254364.5     263.830   
25   MEAS_INTERFERE  33554432     311373.0     215.526   
26   H               67108864     509122.5     131.813   
26   T               67108864     265444.2     126.409   
26   CZ              67108864     496020.5     33.824    
26   CNOT            67108864     776295.5     43.224    
26   U2              67108864     509073.5     131.825   
26   U4              67108864     1487473.0    45.116    
26   EXPAND          67108864     501028.0     267.885   
26   EXPAND_T        67108864     500973.0     267.914   
26   MEAS_DIAG       67108864     497721.0     269.665   
26   MEAS_INTERFERE  67108864     613175.0     218.890   
27   H               134217728    1015672.0    132.147   
27   T               134217728    528240.0     127.042   
27   CZ              134217728    995689.0     33.700    
27   CNOT            134217728    1546379.0    43.397    
27   U2              134217728    1015614.0    132.154   
27   U4              134217728    2979592.1    45.046    
27   EXPAND          134217728    1001922.0    267.921   
27   EXPAND_T        134217728    1001652.0    267.993   
27   MEAS_DIAG       134217728    984772.0     272.586   
27   MEAS_INTERFERE  134217728    1217057.9    220.561   
28   H               268435456    2030911.9    132.175   
28   T               268435456    1045923.0    128.325   
28   CZ              268435456    1995248.0    33.634    
28   CNOT            268435456    3086600.1    43.484    
28   U2              268435456    2029912.0    132.240   
28   U4              268435456    5956416.1    45.067    
28   EXPAND          268435456    2003475.9    267.970   
28   EXPAND_T        268435456    2003050.1    268.027   
28   MEAS_DIAG       268435456    1953918.0    274.766   
28   MEAS_INTERFERE  268435456    2423856.0    221.495   
29   H               536870912    4061820.0    132.175   
29   T               536870912    2089953.9    128.441   
29   CZ              536870912    4002180.1    33.536    
29   CNOT            536870912    6168196.2    43.519    
29   U2              536870912    4061996.0    132.169   
29   U4              536870912    11903623.6   45.101    
29   EXPAND          536870912    4009808.1    267.779   
29   EXPAND_T        536870912    4010808.0    267.712   
29   MEAS_DIAG       536870912    3908756.0    274.702   
29   MEAS_INTERFERE  536870912    4843567.8    221.684   
30   H               1073741824   8114447.6    132.325   
30   T               1073741824   4170064.0    128.744   
30   CZ              1073741824   7986911.8    33.609    
30   CNOT            1073741824   12331944.5   43.535    
30   U2              1073741824   8112855.9    132.351   
30   U4              1073741824   23800352.1   45.115    
30   EXPAND          1073741824   8007247.9    268.192   
30   EXPAND_T        1073741824   8004391.7    268.288   
30   MEAS_DIAG       1073741824   7813576.2    274.840   
30   MEAS_INTERFERE  1073741824   9687064.2    221.686   

=== Batched-across-shots throughput (GPU, FP64) ===
k    B        shots/s        Mshot-lyr/s 
12   256      235114.3       0.940       
12   1024     239562.2       0.958       
12   4096     248413.5       0.994       
12   16384    254728.0       1.019       
12   65536    255611.0       1.022       
16   256      12332.3        0.049       
16   1024     12657.7        0.051       
16   4096     12715.0        0.051       
18   256      2868.8         0.011       
18   1024     2883.9         0.012       
20   256      660.1          0.003       

=== Batched shots WITH completed measurement per layer (GPU) ===
k    B        shots/s        us/meas-round 
12   256      204004.2       47.75         
12   1024     225001.9       81.90         
12   4096     236365.5       223.82        
12   16384    243750.6       742.41        
12   65536    244968.2       2835.65       
16   256      11854.0        222.08        
16   1024     12245.9        684.53        
16   4096     12319.4        2583.68       
18   256      2778.7         745.79        
18   1024     2802.0         2592.91       
20   256      641.4          2853.00       

=== Batched shots, measurement sampled on device (GPU) ===
k    B        shots/s        us/meas-round 
12   256      222472.9       22.27         
12   1024     229417.2       54.65         
12   4096     238055.5       185.49        
12   16384    244687.4       674.60        
12   65536    245526.9       2626.91       
16   256      11894.1        197.31        
16   1024     12258.1        657.19        
16   4096     12327.1        2543.70       
18   256      2779.9         722.39        
18   1024     2802.9         2560.63       
20   256      641.6          2811.92       

=== MIMD per-shot interpreter (GPU, one block/shot) ===
k    B        shots/s        variant 
12   256      1335998.4      shared  
12   1024     1463676.8      shared  
12   4096     1529111.9      shared  
12   16384    1582498.7      shared  
12   65536    1598767.6      shared  
16   256      10895.0        global  
16   1024     12022.3        global  
16   4096     12064.5        global  
18   256      2472.1         global  
18   1024     2712.1         global  
20   256      566.2          global  

=== Batched shots, REAL op mix, on-device sampling (GPU) ===
k    B        shots/s        us/meas-round 
12   256      598998.5       23.50         
12   1024     755119.9       67.30         
12   4096     842813.8       238.71        
12   16384    891338.0       886.55        
12   65536    900943.5       3470.56       
16   256      52167.5        256.23        
16   1024     55591.4        888.18        
16   4096     56142.5        3477.70       
18   256      13711.7        956.61        
18   1024     14044.0        3485.23       
20   256      3490.4         3699.90       

=== MIMD per-shot interpreter, REAL op mix (GPU) ===
k    B        shots/s        variant 
12   256      3279318.5      shared  
12   1024     3682989.6      shared  
12   4096     4237665.1      shared  
12   16384    4573998.9      shared  
12   65536    4660343.1      shared  
16   256      54542.5        global  
16   1024     60722.9        global  
16   4096     61580.9        global  
18   256      13753.6        global  
18   1024     15213.2        global  
20   256      3461.1         global  
